// Jest Snapshot v1, https://goo.gl/fbAQLP

exports[`Tests for addEvent component should render self without crashing 1`] = `
<div
  className="mx-sm-auto col-sm-11"
>
  <b
    className="page-header"
  >
    Centers
  </b>
  <Filter
    handleSearch={[Function]}
    placeholder="Filter by name or location..."
  />
  <div
    className="table-responsive"
  >
    <table
      className="table table-hover table-main"
      id="centerTable"
    >
      <TableHead
        class="table-header table-header-main"
        columns={
          Array [
            "View",
            "Name",
            "Location",
            "Capacity",
          ]
        }
      />
      <tbody />
    </table>
    <br />
    <a
      activePage={1}
      firstPageText="«"
      getPageUrl={[Function]}
      hideFirstLastPages={false}
      innerClass="pagination"
      itemClass="page-item"
      itemsCountPerPage={4}
      lastPageText="»"
      linkClass="page-link"
      nextPageText="⟩"
      onChange={[Function]}
      pageRangeDisplayed={3}
      prevPageText="⟨"
      totalItemsCount={1}
    />
  </div>
</div>
`;
